==========================================
DAWNBench ResNet-18 Training Job
==========================================
Job ID: 590472
Node: a100-7
Date: Tue Sep 15 04:02:51 AEST 2026

GPU information:
Tue Sep 15 04:02:51 2026       
+-----------------------------------------------------------------------------------------+
| NVIDIA-SMI 590.48.01              Driver Version: 590.48.01      CUDA Version: 13.1     |
+-----------------------------------------+------------------------+----------------------+
| GPU  Name                 Persistence-M | Bus-Id          Disp.A | Volatile Uncorr. ECC |
| Fan  Temp   Perf          Pwr:Usage/Cap |           Memory-Usage | GPU-Util  Compute M. |
|                                         |                        |               MIG M. |
|=========================================+========================+======================|
|   0  NVIDIA A100-PCIE-40GB          Off |   00000000:0B:00.0 Off |                    0 |
| N/A   28C    P0             29W /  250W |       0MiB /  40960MiB |      0%      Default |
|                                         |                        |             Disabled |
+-----------------------------------------+------------------------+----------------------+

+-----------------------------------------------------------------------------------------+
| Processes:                                                                              |
|  GPU   GI   CI              PID   Type   Process name                        GPU Memory |
|        ID   ID                                                               Usage      |
|=========================================================================================|
|  No running processes found                                                             |
+-----------------------------------------------------------------------------------------+

Starting training...

======================================================================
DAWNBench - CIFAR-10 ResNet-18
======================================================================
PyTorch version: 2.14.0+cu130
CUDA available: True
GPU: NVIDIA A100-PCIE-40GB
Device: cuda
Training images: 50000
Testing images: 10000
Training batch size: 512
Model created.
Parameters: 11173962

Training configuration
----------------------------------------------------------------------
Epochs: 100
Optimizer: SGD
Learning rate: 0.1
Momentum: 0.9
Weight decay: 5e-4
Label smoothing: 0.1
Learning-rate schedule: Cosine Annealing
Mixed precision: FP16
----------------------------------------------------------------------

Starting training...
======================================================================
Epoch 01/100 | Loss: 2.2859 | Train Acc: 25.05% | LR: 0.099975 | Time: 4.72s
Epoch 02/100 | Loss: 1.7584 | Train Acc: 40.23% | LR: 0.099901 | Time: 3.69s
Epoch 03/100 | Loss: 1.6086 | Train Acc: 47.84% | LR: 0.099778 | Time: 3.67s
Epoch 04/100 | Loss: 1.4821 | Train Acc: 54.53% | LR: 0.099606 | Time: 3.75s
Epoch 05/100 | Loss: 1.3765 | Train Acc: 59.97% | LR: 0.099384 | Time: 3.67s
Epoch 06/100 | Loss: 1.2881 | Train Acc: 64.42% | LR: 0.099114 | Time: 3.86s
Epoch 07/100 | Loss: 1.2080 | Train Acc: 68.09% | LR: 0.098796 | Time: 3.64s
Epoch 08/100 | Loss: 1.1558 | Train Acc: 70.61% | LR: 0.098429 | Time: 3.67s
Epoch 09/100 | Loss: 1.1062 | Train Acc: 73.17% | LR: 0.098015 | Time: 3.66s
Epoch 10/100 | Loss: 1.0556 | Train Acc: 75.49% | LR: 0.097553 | Time: 3.67s
Epoch 11/100 | Loss: 1.0112 | Train Acc: 77.57% | LR: 0.097044 | Time: 3.66s
Epoch 12/100 | Loss: 0.9705 | Train Acc: 79.35% | LR: 0.096489 | Time: 3.64s
Epoch 13/100 | Loss: 0.9397 | Train Acc: 80.87% | LR: 0.095888 | Time: 3.67s
Epoch 14/100 | Loss: 0.9089 | Train Acc: 82.33% | LR: 0.095241 | Time: 3.62s
Epoch 15/100 | Loss: 0.8886 | Train Acc: 83.03% | LR: 0.094550 | Time: 3.62s
Epoch 16/100 | Loss: 0.8683 | Train Acc: 84.12% | LR: 0.093815 | Time: 3.66s
Epoch 17/100 | Loss: 0.8477 | Train Acc: 84.87% | LR: 0.093037 | Time: 3.68s
Epoch 18/100 | Loss: 0.8325 | Train Acc: 85.72% | LR: 0.092216 | Time: 3.65s
Epoch 19/100 | Loss: 0.8167 | Train Acc: 86.38% | LR: 0.091354 | Time: 3.67s
Epoch 20/100 | Loss: 0.7987 | Train Acc: 87.18% | LR: 0.090451 | Time: 3.65s
Epoch 21/100 | Loss: 0.7874 | Train Acc: 87.47% | LR: 0.089508 | Time: 3.66s
Epoch 22/100 | Loss: 0.7767 | Train Acc: 88.18% | LR: 0.088526 | Time: 3.63s
Epoch 23/100 | Loss: 0.7645 | Train Acc: 88.63% | LR: 0.087506 | Time: 3.66s
Epoch 24/100 | Loss: 0.7533 | Train Acc: 89.12% | LR: 0.086448 | Time: 3.69s
Epoch 25/100 | Loss: 0.7437 | Train Acc: 89.50% | LR: 0.085355 | Time: 3.68s
Epoch 26/100 | Loss: 0.7348 | Train Acc: 89.98% | LR: 0.084227 | Time: 3.65s
Epoch 27/100 | Loss: 0.7251 | Train Acc: 90.39% | LR: 0.083066 | Time: 3.62s
Epoch 28/100 | Loss: 0.7156 | Train Acc: 90.77% | LR: 0.081871 | Time: 3.65s
Epoch 29/100 | Loss: 0.7112 | Train Acc: 90.92% | LR: 0.080645 | Time: 3.71s
Epoch 30/100 | Loss: 0.7034 | Train Acc: 91.34% | LR: 0.079389 | Time: 3.71s
Epoch 31/100 | Loss: 0.6971 | Train Acc: 91.50% | LR: 0.078104 | Time: 3.75s
Epoch 32/100 | Loss: 0.6844 | Train Acc: 92.16% | LR: 0.076791 | Time: 3.71s
Epoch 33/100 | Loss: 0.6787 | Train Acc: 92.45% | LR: 0.075452 | Time: 3.71s
Epoch 34/100 | Loss: 0.6763 | Train Acc: 92.44% | LR: 0.074088 | Time: 3.77s
Epoch 35/100 | Loss: 0.6691 | Train Acc: 92.77% | LR: 0.072700 | Time: 3.89s
Epoch 36/100 | Loss: 0.6646 | Train Acc: 93.03% | LR: 0.071289 | Time: 3.66s
Epoch 37/100 | Loss: 0.6576 | Train Acc: 93.30% | LR: 0.069857 | Time: 3.65s
Epoch 38/100 | Loss: 0.6509 | Train Acc: 93.72% | LR: 0.068406 | Time: 3.72s
Epoch 39/100 | Loss: 0.6506 | Train Acc: 93.58% | LR: 0.066937 | Time: 3.66s
Epoch 40/100 | Loss: 0.6428 | Train Acc: 94.04% | LR: 0.065451 | Time: 3.64s
Epoch 41/100 | Loss: 0.6403 | Train Acc: 94.16% | LR: 0.063950 | Time: 3.64s
Epoch 42/100 | Loss: 0.6379 | Train Acc: 94.24% | LR: 0.062434 | Time: 3.64s
Epoch 43/100 | Loss: 0.6309 | Train Acc: 94.55% | LR: 0.060907 | Time: 3.70s
Epoch 44/100 | Loss: 0.6284 | Train Acc: 94.64% | LR: 0.059369 | Time: 3.66s
Epoch 45/100 | Loss: 0.6238 | Train Acc: 94.79% | LR: 0.057822 | Time: 3.65s
Epoch 46/100 | Loss: 0.6234 | Train Acc: 94.82% | LR: 0.056267 | Time: 3.65s
Epoch 47/100 | Loss: 0.6194 | Train Acc: 95.06% | LR: 0.054705 | Time: 3.66s
Epoch 48/100 | Loss: 0.6128 | Train Acc: 95.35% | LR: 0.053140 | Time: 3.64s
Epoch 49/100 | Loss: 0.6086 | Train Acc: 95.45% | LR: 0.051571 | Time: 3.66s
Epoch 50/100 | Loss: 0.6058 | Train Acc: 95.60% | LR: 0.050000 | Time: 3.65s
Epoch 51/100 | Loss: 0.6020 | Train Acc: 95.73% | LR: 0.048429 | Time: 3.68s
Epoch 52/100 | Loss: 0.5975 | Train Acc: 95.88% | LR: 0.046860 | Time: 3.67s
Epoch 53/100 | Loss: 0.5963 | Train Acc: 96.04% | LR: 0.045295 | Time: 3.67s
Epoch 54/100 | Loss: 0.5949 | Train Acc: 96.11% | LR: 0.043733 | Time: 3.65s
Epoch 55/100 | Loss: 0.5908 | Train Acc: 96.26% | LR: 0.042178 | Time: 3.60s
Epoch 56/100 | Loss: 0.5868 | Train Acc: 96.41% | LR: 0.040631 | Time: 3.68s
Epoch 57/100 | Loss: 0.5800 | Train Acc: 96.70% | LR: 0.039093 | Time: 3.64s
Epoch 58/100 | Loss: 0.5788 | Train Acc: 96.79% | LR: 0.037566 | Time: 3.67s
Epoch 59/100 | Loss: 0.5765 | Train Acc: 96.93% | LR: 0.036050 | Time: 3.66s
Epoch 60/100 | Loss: 0.5726 | Train Acc: 97.12% | LR: 0.034549 | Time: 3.65s
Epoch 61/100 | Loss: 0.5683 | Train Acc: 97.33% | LR: 0.033063 | Time: 3.64s
Epoch 62/100 | Loss: 0.5690 | Train Acc: 97.17% | LR: 0.031594 | Time: 3.68s
Epoch 63/100 | Loss: 0.5667 | Train Acc: 97.29% | LR: 0.030143 | Time: 3.64s
Epoch 64/100 | Loss: 0.5621 | Train Acc: 97.54% | LR: 0.028711 | Time: 3.63s
Epoch 65/100 | Loss: 0.5567 | Train Acc: 97.79% | LR: 0.027300 | Time: 3.62s
Epoch 66/100 | Loss: 0.5581 | Train Acc: 97.69% | LR: 0.025912 | Time: 3.69s
Epoch 67/100 | Loss: 0.5534 | Train Acc: 97.92% | LR: 0.024548 | Time: 3.73s
Epoch 68/100 | Loss: 0.5521 | Train Acc: 97.96% | LR: 0.023209 | Time: 3.58s
Epoch 69/100 | Loss: 0.5489 | Train Acc: 98.09% | LR: 0.021896 | Time: 3.66s
Epoch 70/100 | Loss: 0.5448 | Train Acc: 98.31% | LR: 0.020611 | Time: 3.64s
Epoch 71/100 | Loss: 0.5461 | Train Acc: 98.17% | LR: 0.019355 | Time: 3.66s
Epoch 72/100 | Loss: 0.5450 | Train Acc: 98.15% | LR: 0.018129 | Time: 3.65s
Epoch 73/100 | Loss: 0.5408 | Train Acc: 98.43% | LR: 0.016934 | Time: 3.69s
Epoch 74/100 | Loss: 0.5401 | Train Acc: 98.43% | LR: 0.015773 | Time: 3.63s
Epoch 75/100 | Loss: 0.5375 | Train Acc: 98.54% | LR: 0.014645 | Time: 3.67s
Epoch 76/100 | Loss: 0.5349 | Train Acc: 98.70% | LR: 0.013552 | Time: 3.64s
Epoch 77/100 | Loss: 0.5350 | Train Acc: 98.65% | LR: 0.012494 | Time: 3.62s
Epoch 78/100 | Loss: 0.5329 | Train Acc: 98.75% | LR: 0.011474 | Time: 3.63s
Epoch 79/100 | Loss: 0.5318 | Train Acc: 98.77% | LR: 0.010492 | Time: 3.65s
Epoch 80/100 | Loss: 0.5273 | Train Acc: 99.01% | LR: 0.009549 | Time: 3.65s
Epoch 81/100 | Loss: 0.5268 | Train Acc: 98.98% | LR: 0.008646 | Time: 3.64s
Epoch 82/100 | Loss: 0.5276 | Train Acc: 98.97% | LR: 0.007784 | Time: 3.66s
Epoch 83/100 | Loss: 0.5272 | Train Acc: 98.98% | LR: 0.006963 | Time: 3.64s
Epoch 84/100 | Loss: 0.5250 | Train Acc: 99.08% | LR: 0.006185 | Time: 3.69s
Epoch 85/100 | Loss: 0.5243 | Train Acc: 99.06% | LR: 0.005450 | Time: 3.69s
Epoch 86/100 | Loss: 0.5227 | Train Acc: 99.15% | LR: 0.004759 | Time: 3.69s
Epoch 87/100 | Loss: 0.5213 | Train Acc: 99.22% | LR: 0.004112 | Time: 3.69s
Epoch 88/100 | Loss: 0.5215 | Train Acc: 99.20% | LR: 0.003511 | Time: 3.63s
Epoch 89/100 | Loss: 0.5195 | Train Acc: 99.27% | LR: 0.002956 | Time: 3.67s
Epoch 90/100 | Loss: 0.5206 | Train Acc: 99.23% | LR: 0.002447 | Time: 3.65s
Epoch 91/100 | Loss: 0.5212 | Train Acc: 99.21% | LR: 0.001985 | Time: 3.68s
Epoch 92/100 | Loss: 0.5197 | Train Acc: 99.27% | LR: 0.001571 | Time: 3.66s
Epoch 93/100 | Loss: 0.5193 | Train Acc: 99.26% | LR: 0.001204 | Time: 3.61s
Epoch 94/100 | Loss: 0.5201 | Train Acc: 99.24% | LR: 0.000886 | Time: 3.60s
Epoch 95/100 | Loss: 0.5186 | Train Acc: 99.27% | LR: 0.000616 | Time: 3.66s
Epoch 96/100 | Loss: 0.5185 | Train Acc: 99.29% | LR: 0.000394 | Time: 3.68s
Epoch 97/100 | Loss: 0.5197 | Train Acc: 99.25% | LR: 0.000222 | Time: 3.63s
Epoch 98/100 | Loss: 0.5187 | Train Acc: 99.26% | LR: 0.000099 | Time: 3.66s
Epoch 99/100 | Loss: 0.5202 | Train Acc: 99.19% | LR: 0.000025 | Time: 3.65s
Epoch 100/100 | Loss: 0.5189 | Train Acc: 99.27% | LR: 0.000000 | Time: 3.64s
======================================================================
Training complete!
Total training time: 367.58s
Average epoch time: 3.68s

Evaluating on CIFAR-10 test set...
======================================================================
Test Accuracy: 94.29%
Correct: 9429/10000
Inference time: 0.70s
Training time: 367.58s
======================================================================

DAWNBench run finished successfully.
